// cache models/weapons/worldmodel-IMod.tik
// cache models/weapons/worldmodel-phaser.tik
// cache models/weapons/worldmodel-photon.tik
// cache models/weapons/worldmodel-batleth.tik
// cache models/weapons/worldmodel-tetryon.tik
// cache models/weapons/worldmodel-tricorder.tik
// cache models/weapons/worldmodel-phaser-STX.tik
// cache models/weapons/worldmodel-burstrifle.tik
// cache models/weapons/worldmodel-enterprise.tik
// cache models/weapons/worldmodel-sniperrifle.tik
// cache models/weapons/worldmodel-drull-staff.tik
// cache models/weapons/worldmodel-rom-datapad.tik
// cache models/weapons/worldmodel-attrex-rifle.tik
// cache models/weapons/worldmodel-tricorder-STX.tik
// cache models/weapons/worldmodel-rom-disruptor.tik
// cache models/weapons/worldmodel-grenadelauncher.tik
// cache models/weapons/worldmodel-compressionrifle.tik
// cache models/weapons/worldmodel-fieldassaultrifle.tik

//-ITEMS
// cache models/item/ammo_small.tik
// cache models/item/ammo_large.tik
// cache models/item/powerup_speed.tik
// cache models/item/powerup_regen.tik
// cache models/item/ammo_fed_small.tik
// cache models/item/ammo_fed_large.tik
// cache models/item/holdable_medkit.tik
// cache models/item/powerup_strength.tik
// cache models/item/ammo_idryll_large.tik
// cache models/item/ammo_idryll_small.tik
// cache models/item/holdable_explosive.tik
// cache models/item/powerup_protection.tik
// cache models/item/armor_small_shield.tik
// cache models/item/armor_large_shield.tik
// cache models/item/armor_medium_shield.tik
// cache models/item/holdable_forcefield.tik
// cache models/item/powerup_invisibility.tik
// cache models/item/health_small-hypospray.tik
// cache models/item/health_large-hypospray.tik